// Jest Snapshot v1, https://goo.gl/fbAQLP

exports[`renders homepage unchanged 1`] = `
<div>
  <div
    class="home"
  >
    <div
      class="home__wrapper"
    >
      <div
        class="home__wrapper__content"
      >
        <h1>
          Convert numbers to roman numerals
        </h1>
        <div
          class="output"
        >
          <div
            class="output__wrapper"
          >
            <div
              class="output__wrapper__panel"
            >
              <p
                class="outputPanel"
              />
            </div>
          </div>
        </div>
        <div
          class="inputComponent"
        >
          <input
            class="inputComponent__inputField"
            id=""
            name="number"
            placeholder="Enter your number here"
            type="text"
            value=""
          />
        </div>
      </div>
    </div>
  </div>
</div>
`;
